2026-09-13T15:48:47.679058+00:00 Deterministic unboundedness checks passed; start sequential benchmarks.
2026-09-13T15:48:47.750106+00:00 feasible: m=100, n=150, density=0.1, k=50, 10 instances complete.
2026-09-13T15:48:47.854150+00:00 feasible: m=100, n=150, density=0.5, k=50, 10 instances complete.
2026-09-13T15:48:48.567791+00:00 feasible: m=250, n=375, density=0.1, k=125, 10 instances complete.
2026-09-13T15:48:49.742601+00:00 feasible: m=250, n=375, density=0.5, k=125, 10 instances complete.
2026-09-13T15:48:56.786444+00:00 feasible: m=500, n=750, density=0.1, k=250, 10 instances complete.
2026-09-13T15:49:07.992703+00:00 feasible: m=500, n=750, density=0.5, k=250, 10 instances complete.
2026-09-13T15:49:08.042937+00:00 legacy_all_negative: m=100, n=150, density=0.1, k=50, 10 instances complete.
2026-09-13T15:49:08.093492+00:00 legacy_all_negative: m=100, n=150, density=0.5, k=50, 10 instances complete.
2026-09-13T15:49:08.377371+00:00 legacy_all_negative: m=250, n=375, density=0.1, k=125, 10 instances complete.
2026-09-13T15:49:08.663550+00:00 legacy_all_negative: m=250, n=375, density=0.5, k=125, 10 instances complete.
2026-09-13T15:49:10.106380+00:00 legacy_all_negative: m=500, n=750, density=0.1, k=250, 10 instances complete.
2026-09-13T15:49:11.628101+00:00 legacy_all_negative: m=500, n=750, density=0.5, k=250, 10 instances complete.
2026-09-13T15:49:11.700069+00:00 mixed_sign_stress: m=100, n=150, density=0.1, k=50, 10 instances complete.
2026-09-13T15:49:11.764452+00:00 mixed_sign_stress: m=100, n=150, density=0.5, k=50, 10 instances complete.
2026-09-13T15:49:12.376863+00:00 mixed_sign_stress: m=250, n=375, density=0.1, k=125, 10 instances complete.
2026-09-13T15:49:12.777793+00:00 mixed_sign_stress: m=250, n=375, density=0.5, k=125, 10 instances complete.
2026-09-13T15:49:16.565274+00:00 mixed_sign_stress: m=500, n=750, density=0.1, k=250, 10 instances complete.
2026-09-13T15:49:18.678028+00:00 mixed_sign_stress: m=500, n=750, density=0.5, k=250, 10 instances complete.
2026-09-13T15:49:18.687590+00:00 Complete: 300 projection runs; 31.03 seconds.
